Copyright 1986-2022 Xilinx, Inc. All Rights Reserved. Copyright 2022-2025 Advanced Micro Devices, Inc. All Rights Reserved.
---------------------------------------------------------------------------------------------------------------------------------------------
| Tool Version : Vivado v.2025.1 (lin64) Build 6140274 Wed May 21 22:58:25 MDT 2025
| Date         : Sat May  2 10:51:19 2026
| Host         : minamidev running 64-bit Ubuntu 24.04.4 LTS
| Command      : report_control_sets -verbose -file axi_ooo_controller_control_sets_placed.rpt
| Design       : axi_ooo_controller
| Device       : xc7z030
---------------------------------------------------------------------------------------------------------------------------------------------

Control Set Information

Table of Contents
-----------------
1. Summary
2. Histogram
3. Flip-Flop Distribution
4. Detailed Control Set Information

1. Summary
----------

+----------------------------------------------------------+-------+
|                          Status                          | Count |
+----------------------------------------------------------+-------+
| Total control sets                                       |    99 |
|    Minimum number of control sets                        |    99 |
|    Addition due to synthesis replication                 |     0 |
|    Addition due to physical synthesis replication        |     0 |
| Unused register locations in slices containing registers |   433 |
+----------------------------------------------------------+-------+
* Control sets can be merged at opt_design using control_set_merge or merge_equivalent_drivers
** Run report_qor_suggestions for automated merging and remapping suggestions


2. Histogram
------------

+--------------------+-------+
|       Fanout       | Count |
+--------------------+-------+
| Total control sets |    99 |
| >= 0 to < 4        |     2 |
| >= 4 to < 6        |    32 |
| >= 6 to < 8        |     4 |
| >= 8 to < 10       |     0 |
| >= 10 to < 12      |     0 |
| >= 12 to < 14      |     1 |
| >= 14 to < 16      |     0 |
| >= 16              |    60 |
+--------------------+-------+
* Control sets can be remapped at either synth_design or opt_design


3. Flip-Flop Distribution
-------------------------

+--------------+-----------------------+------------------------+-----------------+--------------+
| Clock Enable | Synchronous Set/Reset | Asynchronous Set/Reset | Total Registers | Total Slices |
+--------------+-----------------------+------------------------+-----------------+--------------+
| No           | No                    | No                     |               2 |            1 |
| No           | No                    | Yes                    |             109 |           48 |
| No           | Yes                   | No                     |               0 |            0 |
| Yes          | No                    | No                     |               0 |            0 |
| Yes          | No                    | Yes                    |            1408 |          564 |
| Yes          | Yes                   | No                     |               0 |            0 |
+--------------+-----------------------+------------------------+-----------------+--------------+


4. Detailed Control Set Information
-----------------------------------

+-----------------+----------------------------------------------------------------------------------------+-------------------------------------------------------------------------------------------------+------------------+----------------+--------------+
|   Clock Signal  |                                      Enable Signal                                     |                                         Set/Reset Signal                                        | Slice Load Count | Bel Load Count | Bels / Slice |
+-----------------+----------------------------------------------------------------------------------------+-------------------------------------------------------------------------------------------------+------------------+----------------+--------------+
|  ACLK_IBUF_BUFG |                                                                                        |                                                                                                 |                1 |              2 |         2.00 |
|  ACLK_IBUF_BUFG | u_axi_read_ooo/u_read_queue_cache/cnt[1]_i_1_n_0                                       | u_axi_read_ooo/u_read_queue_cache/cnt[1]_i_3_n_0                                                |                1 |              2 |         2.00 |
|  ACLK_IBUF_BUFG | u_axi_write_ooo/u_write_aw_scheduler/cnt_awid_ocheck[2][3]_i_1_n_0                     | u_axi_write_ooo/u_write_aw_scheduler/cache_has_valid_i_1_n_0                                    |                1 |              4 |         4.00 |
|  ACLK_IBUF_BUFG | u_axi_write_ooo/u_write_aw_scheduler/cnt_awid_ocheck[7][3]_i_1_n_0                     | u_axi_write_ooo/u_write_aw_scheduler/cache_has_valid_i_1_n_0                                    |                2 |              4 |         2.00 |
|  ACLK_IBUF_BUFG | u_axi_write_ooo/u_write_aw_scheduler/cnt_awid_ocheck[6][3]_i_1_n_0                     | u_axi_write_ooo/u_write_aw_scheduler/cache_has_valid_i_1_n_0                                    |                1 |              4 |         4.00 |
|  ACLK_IBUF_BUFG | u_axi_write_ooo/u_write_aw_scheduler/cnt_awid_ocheck[5][3]_i_1_n_0                     | u_axi_write_ooo/u_write_aw_scheduler/cache_has_valid_i_1_n_0                                    |                1 |              4 |         4.00 |
|  ACLK_IBUF_BUFG | u_axi_write_ooo/u_write_aw_scheduler/cnt_awid_ocheck[4][3]_i_1_n_0                     | u_axi_write_ooo/u_write_aw_scheduler/cache_has_valid_i_1_n_0                                    |                1 |              4 |         4.00 |
|  ACLK_IBUF_BUFG | u_axi_write_ooo/u_write_aw_scheduler/cnt_awid_ocheck[3][3]_i_1_n_0                     | u_axi_write_ooo/u_write_aw_scheduler/cache_has_valid_i_1_n_0                                    |                1 |              4 |         4.00 |
|  ACLK_IBUF_BUFG | u_axi_write_ooo/u_write_aw_scheduler/cnt_awid_ocheck[1][3]_i_1_n_0                     | u_axi_write_ooo/u_write_aw_scheduler/cache_has_valid_i_1_n_0                                    |                1 |              4 |         4.00 |
|  ACLK_IBUF_BUFG | u_axi_write_ooo/u_write_aw_scheduler/cnt_awid_ocheck[0][3]_i_1_n_0                     | u_axi_write_ooo/u_write_aw_scheduler/cache_has_valid_i_1_n_0                                    |                1 |              4 |         4.00 |
|  ACLK_IBUF_BUFG | u_axi_write_ooo/u_write_aw_scheduler/cnt_awid_icheck[7][3]_i_1_n_0                     | u_axi_write_ooo/u_write_aw_scheduler/cache_has_valid_i_1_n_0                                    |                4 |              4 |         1.00 |
|  ACLK_IBUF_BUFG | u_axi_write_ooo/u_write_aw_scheduler/cnt_awid_icheck[6][3]_i_1_n_0                     | u_axi_write_ooo/u_write_aw_scheduler/cache_has_valid_i_1_n_0                                    |                4 |              4 |         1.00 |
|  ACLK_IBUF_BUFG | u_axi_write_ooo/u_write_aw_scheduler/cnt_awid_icheck[5][3]_i_1_n_0                     | u_axi_write_ooo/u_write_aw_scheduler/cache_has_valid_i_1_n_0                                    |                4 |              4 |         1.00 |
|  ACLK_IBUF_BUFG | u_axi_write_ooo/u_write_aw_scheduler/cnt_awid_icheck[3][3]_i_1_n_0                     | u_axi_write_ooo/u_write_aw_scheduler/cache_has_valid_i_1_n_0                                    |                4 |              4 |         1.00 |
|  ACLK_IBUF_BUFG | u_axi_write_ooo/u_write_aw_scheduler/cnt_awid_icheck[2][3]_i_1_n_0                     | u_axi_write_ooo/u_write_aw_scheduler/cache_has_valid_i_1_n_0                                    |                4 |              4 |         1.00 |
|  ACLK_IBUF_BUFG | u_axi_write_ooo/u_write_aw_scheduler/cnt_awid_icheck[1][3]_i_1_n_0                     | u_axi_write_ooo/u_write_aw_scheduler/cache_has_valid_i_1_n_0                                    |                4 |              4 |         1.00 |
|  ACLK_IBUF_BUFG | u_axi_write_ooo/u_write_aw_scheduler/cnt_awid_icheck[0][3]_i_1_n_0                     | u_axi_write_ooo/u_write_aw_scheduler/cache_has_valid_i_1_n_0                                    |                4 |              4 |         1.00 |
|  ACLK_IBUF_BUFG | u_axi_write_ooo/u_write_b_router/p_0_in[0]                                             | u_axi_write_ooo/u_write_b_router/b_cnt[2]_i_2_n_0                                               |                2 |              4 |         2.00 |
|  ACLK_IBUF_BUFG | u_axi_write_ooo/u_write_aw_scheduler/cnt_awid_icheck[4][3]_i_1_n_0                     | u_axi_write_ooo/u_write_aw_scheduler/cache_has_valid_i_1_n_0                                    |                3 |              4 |         1.33 |
|  ACLK_IBUF_BUFG | u_axi_write_ooo/u_write_b_router/reg_BID[2][2]_i_1_n_0                                 | u_axi_write_ooo/u_write_b_router/b_cnt[2]_i_2_n_0                                               |                2 |              5 |         2.50 |
|  ACLK_IBUF_BUFG | u_axi_read_ooo/u_read_reorder_buff/instantiate_fifo_cache[2].fifo_integ/cnt[2]_i_1_n_0 | u_axi_read_ooo/u_read_reorder_buff/instantiate_fifo_cache[2].fifo_integ/rid_cache[0][2]_i_2_n_0 |                2 |              5 |         2.50 |
|  ACLK_IBUF_BUFG | u_axi_read_ooo/u_read_reorder_buff/instantiate_fifo_cache[1].fifo_integ/cnt[2]_i_1_n_0 | u_axi_read_ooo/u_read_reorder_buff/instantiate_fifo_cache[1].fifo_integ/rid_cache[0][2]_i_2_n_0 |                1 |              5 |         5.00 |
|  ACLK_IBUF_BUFG | u_axi_write_ooo/u_write_order_queue/reg_w_count[0][4]_i_1_n_0                          | u_axi_write_ooo/u_write_order_queue/has_empty_i_2_n_0                                           |                3 |              5 |         1.67 |
|  ACLK_IBUF_BUFG | u_axi_write_ooo/u_write_order_queue/reg_w_count[1][4]_i_1_n_0                          | u_axi_write_ooo/u_write_order_queue/has_empty_i_2_n_0                                           |                2 |              5 |         2.50 |
|  ACLK_IBUF_BUFG | u_axi_write_ooo/u_write_order_queue/reg_w_count[2][4]_i_1_n_0                          | u_axi_write_ooo/u_write_order_queue/has_empty_i_2_n_0                                           |                2 |              5 |         2.50 |
|  ACLK_IBUF_BUFG | u_axi_write_ooo/u_write_order_queue/reg_w_count[3][4]_i_1_n_0                          | u_axi_write_ooo/u_write_order_queue/has_empty_i_2_n_0                                           |                2 |              5 |         2.50 |
|  ACLK_IBUF_BUFG | u_axi_write_ooo/u_write_order_queue/output_read_index_reg[4]_i_1_n_0                   | u_axi_write_ooo/u_write_order_queue/has_empty_i_2_n_0                                           |                3 |              5 |         1.67 |
|  ACLK_IBUF_BUFG | u_axi_write_ooo/u_write_order_queue/send_beat[4]_i_1_n_0                               | u_axi_write_ooo/u_write_order_queue/has_empty_i_2_n_0                                           |                3 |              5 |         1.67 |
|  ACLK_IBUF_BUFG | u_axi_read_ooo/u_read_reorder_buff/instantiate_fifo_cache[0].fifo_integ/cnt[2]_i_1_n_0 | u_axi_read_ooo/u_read_reorder_buff/instantiate_fifo_cache[0].fifo_integ/rid_cache[0][2]_i_2_n_0 |                2 |              5 |         2.50 |
|  ACLK_IBUF_BUFG | u_axi_write_ooo/u_write_b_router/reg_BID[0][2]_i_1_n_0                                 | u_axi_write_ooo/u_write_b_router/b_cnt[2]_i_2_n_0                                               |                1 |              5 |         5.00 |
|  ACLK_IBUF_BUFG | u_axi_write_ooo/u_write_b_router/reg_BID[1][2]_i_1_n_0                                 | u_axi_write_ooo/u_write_b_router/b_cnt[2]_i_2_n_0                                               |                1 |              5 |         5.00 |
|  ACLK_IBUF_BUFG | u_axi_read_ooo/u_read_reorder_buff/instantiate_fifo_cache[3].fifo_integ/cnt[2]_i_1_n_0 | u_axi_read_ooo/u_read_reorder_buff/instantiate_fifo_cache[3].fifo_integ/rid_cache[0][2]_i_2_n_0 |                2 |              5 |         2.50 |
|  ACLK_IBUF_BUFG |                                                                                        | u_axi_read_ooo/u_read_reorder_buff/prev_out_rid[1]_i_2_n_0                                      |                3 |              5 |         1.67 |
|  ACLK_IBUF_BUFG | u_axi_write_ooo/u_write_b_router/reg_BID[3][2]_i_1_n_0                                 | u_axi_write_ooo/u_write_b_router/b_cnt[2]_i_2_n_0                                               |                1 |              5 |         5.00 |
|  ACLK_IBUF_BUFG | u_axi_write_ooo/u_write_order_queue/send_total[4]_i_1_n_0                              | u_axi_write_ooo/u_write_order_queue/has_empty_i_2_n_0                                           |                3 |              6 |         2.00 |
|  ACLK_IBUF_BUFG |                                                                                        | u_axi_write_ooo/u_write_aw_queue/cnt[1]_i_2_n_0                                                 |                2 |              6 |         3.00 |
|  ACLK_IBUF_BUFG |                                                                                        | u_axi_read_ooo/u_read_scheduler/reg_addr[1][15]_i_2_n_0                                         |                4 |              6 |         1.50 |
|  ACLK_IBUF_BUFG | u_axi_write_ooo/u_write_aw_scheduler/max_count_index                                   | u_axi_write_ooo/u_write_aw_scheduler/cache_has_valid_i_1_n_0                                    |                4 |              7 |         1.75 |
|  ACLK_IBUF_BUFG |                                                                                        | u_axi_write_ooo/u_write_aw_scheduler/cache_has_valid_i_1_n_0                                    |                8 |             13 |         1.62 |
|  ACLK_IBUF_BUFG | u_axi_write_ooo/u_write_order_queue/next_seq0                                          | u_axi_write_ooo/u_write_order_queue/has_empty_i_2_n_0                                           |                4 |             16 |         4.00 |
|  ACLK_IBUF_BUFG | u_axi_write_ooo/u_write_order_queue/reg_WDATA[7][15]_i_1_n_0                           | u_axi_write_ooo/u_write_order_queue/has_empty_i_2_n_0                                           |               10 |             18 |         1.80 |
|  ACLK_IBUF_BUFG | u_axi_write_ooo/u_write_order_queue/reg_WDATA[6][15]_i_1_n_0                           | u_axi_write_ooo/u_write_order_queue/has_empty_i_2_n_0                                           |                8 |             18 |         2.25 |
|  ACLK_IBUF_BUFG | u_axi_write_ooo/u_write_order_queue/reg_WDATA[5][15]_i_1_n_0                           | u_axi_write_ooo/u_write_order_queue/has_empty_i_2_n_0                                           |                4 |             18 |         4.50 |
|  ACLK_IBUF_BUFG | u_axi_write_ooo/u_write_order_queue/reg_WDATA[4][15]_i_1_n_0                           | u_axi_write_ooo/u_write_order_queue/has_empty_i_2_n_0                                           |                3 |             18 |         6.00 |
|  ACLK_IBUF_BUFG | u_axi_write_ooo/u_write_order_queue/reg_WDATA[8][15]_i_1_n_0                           | u_axi_write_ooo/u_write_order_queue/has_empty_i_2_n_0                                           |                8 |             18 |         2.25 |
|  ACLK_IBUF_BUFG | u_axi_write_ooo/u_write_order_queue/reg_WDATA[9][15]_i_1_n_0                           | u_axi_write_ooo/u_write_order_queue/has_empty_i_2_n_0                                           |               10 |             18 |         1.80 |
|  ACLK_IBUF_BUFG | u_axi_write_ooo/u_write_order_queue/reg_WDATA[3][15]_i_1_n_0                           | u_axi_write_ooo/u_write_order_queue/has_empty_i_2_n_0                                           |                5 |             18 |         3.60 |
|  ACLK_IBUF_BUFG | u_axi_write_ooo/u_write_order_queue/reg_WDATA[31][15]_i_1_n_0                          | u_axi_write_ooo/u_write_order_queue/has_empty_i_2_n_0                                           |               14 |             18 |         1.29 |
|  ACLK_IBUF_BUFG | u_axi_write_ooo/u_write_order_queue/reg_WDATA[30][15]_i_1_n_0                          | u_axi_write_ooo/u_write_order_queue/has_empty_i_2_n_0                                           |               10 |             18 |         1.80 |
|  ACLK_IBUF_BUFG | u_axi_write_ooo/u_write_order_queue/reg_WDATA[24][15]_i_1_n_0                          | u_axi_write_ooo/u_write_order_queue/has_empty_i_2_n_0                                           |                4 |             18 |         4.50 |
|  ACLK_IBUF_BUFG | u_axi_write_ooo/u_write_order_queue/reg_WDATA[2][15]_i_1_n_0                           | u_axi_write_ooo/u_write_order_queue/has_empty_i_2_n_0                                           |                5 |             18 |         3.60 |
|  ACLK_IBUF_BUFG | u_axi_write_ooo/u_write_order_queue/reg_WDATA[29][15]_i_1_n_0                          | u_axi_write_ooo/u_write_order_queue/has_empty_i_2_n_0                                           |                7 |             18 |         2.57 |
|  ACLK_IBUF_BUFG | u_axi_write_ooo/u_write_order_queue/reg_WDATA[28][15]_i_1_n_0                          | u_axi_write_ooo/u_write_order_queue/has_empty_i_2_n_0                                           |               11 |             18 |         1.64 |
|  ACLK_IBUF_BUFG | u_axi_write_ooo/u_write_order_queue/reg_WDATA[26][15]_i_1_n_0                          | u_axi_write_ooo/u_write_order_queue/has_empty_i_2_n_0                                           |                6 |             18 |         3.00 |
|  ACLK_IBUF_BUFG | u_axi_write_ooo/u_write_order_queue/reg_WDATA[0][15]_i_1_n_0                           | u_axi_write_ooo/u_write_order_queue/has_empty_i_2_n_0                                           |                6 |             18 |         3.00 |
|  ACLK_IBUF_BUFG | u_axi_write_ooo/u_write_order_queue/reg_WDATA[10][15]_i_1_n_0                          | u_axi_write_ooo/u_write_order_queue/has_empty_i_2_n_0                                           |                4 |             18 |         4.50 |
|  ACLK_IBUF_BUFG | u_axi_write_ooo/u_write_order_queue/reg_WDATA[11][15]_i_1_n_0                          | u_axi_write_ooo/u_write_order_queue/has_empty_i_2_n_0                                           |                5 |             18 |         3.60 |
|  ACLK_IBUF_BUFG | u_axi_write_ooo/u_write_order_queue/reg_WDATA[12][15]_i_1_n_0                          | u_axi_write_ooo/u_write_order_queue/has_empty_i_2_n_0                                           |                8 |             18 |         2.25 |
|  ACLK_IBUF_BUFG | u_axi_write_ooo/u_write_order_queue/reg_WDATA[13][15]_i_1_n_0                          | u_axi_write_ooo/u_write_order_queue/has_empty_i_2_n_0                                           |                4 |             18 |         4.50 |
|  ACLK_IBUF_BUFG | u_axi_write_ooo/u_write_order_queue/reg_WDATA[14][15]_i_1_n_0                          | u_axi_write_ooo/u_write_order_queue/has_empty_i_2_n_0                                           |                5 |             18 |         3.60 |
|  ACLK_IBUF_BUFG | u_axi_write_ooo/u_write_order_queue/reg_WDATA[15][15]_i_1_n_0                          | u_axi_write_ooo/u_write_order_queue/has_empty_i_2_n_0                                           |               10 |             18 |         1.80 |
|  ACLK_IBUF_BUFG | u_axi_write_ooo/u_write_order_queue/reg_WDATA[16][15]_i_1_n_0                          | u_axi_write_ooo/u_write_order_queue/has_empty_i_2_n_0                                           |                7 |             18 |         2.57 |
|  ACLK_IBUF_BUFG | u_axi_write_ooo/u_write_order_queue/reg_WDATA[17][15]_i_1_n_0                          | u_axi_write_ooo/u_write_order_queue/has_empty_i_2_n_0                                           |                9 |             18 |         2.00 |
|  ACLK_IBUF_BUFG | u_axi_write_ooo/u_write_order_queue/reg_WDATA[18][15]_i_1_n_0                          | u_axi_write_ooo/u_write_order_queue/has_empty_i_2_n_0                                           |               10 |             18 |         1.80 |
|  ACLK_IBUF_BUFG | u_axi_write_ooo/u_write_order_queue/reg_WDATA[19][15]_i_1_n_0                          | u_axi_write_ooo/u_write_order_queue/has_empty_i_2_n_0                                           |                9 |             18 |         2.00 |
|  ACLK_IBUF_BUFG | u_axi_write_ooo/u_write_order_queue/reg_WDATA[1][15]_i_1_n_0                           | u_axi_write_ooo/u_write_order_queue/has_empty_i_2_n_0                                           |                5 |             18 |         3.60 |
|  ACLK_IBUF_BUFG | u_axi_write_ooo/u_write_order_queue/reg_WDATA[20][15]_i_1_n_0                          | u_axi_write_ooo/u_write_order_queue/has_empty_i_2_n_0                                           |                4 |             18 |         4.50 |
|  ACLK_IBUF_BUFG | u_axi_write_ooo/u_write_order_queue/reg_WDATA[21][15]_i_1_n_0                          | u_axi_write_ooo/u_write_order_queue/has_empty_i_2_n_0                                           |                5 |             18 |         3.60 |
|  ACLK_IBUF_BUFG | u_axi_write_ooo/u_write_order_queue/reg_WDATA[27][15]_i_1_n_0                          | u_axi_write_ooo/u_write_order_queue/has_empty_i_2_n_0                                           |               12 |             18 |         1.50 |
|  ACLK_IBUF_BUFG | u_axi_write_ooo/u_write_order_queue/reg_WDATA[25][15]_i_1_n_0                          | u_axi_write_ooo/u_write_order_queue/has_empty_i_2_n_0                                           |               11 |             18 |         1.64 |
|  ACLK_IBUF_BUFG | u_axi_write_ooo/u_write_order_queue/reg_WDATA[23][15]_i_1_n_0                          | u_axi_write_ooo/u_write_order_queue/has_empty_i_2_n_0                                           |               10 |             18 |         1.80 |
|  ACLK_IBUF_BUFG | u_axi_write_ooo/u_write_order_queue/reg_WDATA[22][15]_i_1_n_0                          | u_axi_write_ooo/u_write_order_queue/has_empty_i_2_n_0                                           |                5 |             18 |         3.60 |
|  ACLK_IBUF_BUFG | u_axi_read_ooo/u_read_reorder_buff/instantiate_fifo_cache[0].fifo_integ/rid_cache      | u_axi_read_ooo/u_read_reorder_buff/instantiate_fifo_cache[0].fifo_integ/rid_cache[0][2]_i_2_n_0 |                9 |             19 |         2.11 |
|  ACLK_IBUF_BUFG | u_axi_read_ooo/u_read_reorder_buff/instantiate_fifo_cache[1].fifo_integ/rid_cache      | u_axi_read_ooo/u_read_reorder_buff/instantiate_fifo_cache[1].fifo_integ/rid_cache[0][2]_i_2_n_0 |               12 |             20 |         1.67 |
|  ACLK_IBUF_BUFG | u_axi_read_ooo/u_read_reorder_buff/instantiate_fifo_cache[2].fifo_integ/rid_cache      | u_axi_read_ooo/u_read_reorder_buff/instantiate_fifo_cache[2].fifo_integ/rid_cache[0][2]_i_2_n_0 |                6 |             20 |         3.33 |
|  ACLK_IBUF_BUFG | u_axi_read_ooo/u_read_reorder_buff/instantiate_fifo_cache[3].fifo_integ/rid_cache      | u_axi_read_ooo/u_read_reorder_buff/instantiate_fifo_cache[3].fifo_integ/rid_cache[0][2]_i_2_n_0 |                6 |             21 |         3.50 |
|  ACLK_IBUF_BUFG | u_axi_write_ooo/u_write_order_queue/o_WDATA0                                           | u_axi_write_ooo/u_write_order_queue/has_empty_i_2_n_0                                           |               12 |             23 |         1.92 |
|  ACLK_IBUF_BUFG | u_axi_read_ooo/u_read_queue_cache/reg_id                                               | u_axi_read_ooo/u_read_queue_cache/cnt[1]_i_3_n_0                                                |               12 |             28 |         2.33 |
|  ACLK_IBUF_BUFG | u_axi_write_ooo/u_write_order_queue/reg_queue_AWLEN[0][3]_i_1_n_0                      | u_axi_write_ooo/u_write_order_queue/has_empty_i_2_n_0                                           |               10 |             28 |         2.80 |
|  ACLK_IBUF_BUFG | u_axi_read_ooo/u_read_queue_cache/reg_id[2][2]_i_1_n_0                                 | u_axi_read_ooo/u_read_queue_cache/cnt[1]_i_3_n_0                                                |               14 |             28 |         2.00 |
|  ACLK_IBUF_BUFG | u_axi_read_ooo/u_read_scheduler/reg_id                                                 | u_axi_read_ooo/u_read_scheduler/reg_addr[1][15]_i_2_n_0                                         |                9 |             28 |         3.11 |
|  ACLK_IBUF_BUFG | u_axi_read_ooo/u_read_scheduler/reg_addr[1][15]_i_1_n_0                                | u_axi_read_ooo/u_read_scheduler/reg_addr[1][15]_i_2_n_0                                         |                7 |             28 |         4.00 |
|  ACLK_IBUF_BUFG | u_axi_read_ooo/u_read_scheduler/reg_addr[3][15]_i_1_n_0                                | u_axi_read_ooo/u_read_scheduler/reg_addr[1][15]_i_2_n_0                                         |               11 |             28 |         2.55 |
|  ACLK_IBUF_BUFG | u_axi_read_ooo/u_read_scheduler/reg_addr[2][15]_i_1_n_0                                | u_axi_read_ooo/u_read_scheduler/reg_addr[1][15]_i_2_n_0                                         |                7 |             28 |         4.00 |
|  ACLK_IBUF_BUFG | u_axi_read_ooo/u_read_queue_cache/reg_id[1][2]_i_1_n_0                                 | u_axi_read_ooo/u_read_queue_cache/cnt[1]_i_3_n_0                                                |               16 |             28 |         1.75 |
|  ACLK_IBUF_BUFG |                                                                                        | u_axi_write_ooo/u_write_b_router/b_cnt[2]_i_2_n_0                                               |               13 |             28 |         2.15 |
|  ACLK_IBUF_BUFG | u_axi_read_ooo/u_read_queue_cache/reg_id[0][2]_i_1_n_0                                 | u_axi_read_ooo/u_read_queue_cache/cnt[1]_i_3_n_0                                                |               14 |             28 |         2.00 |
|  ACLK_IBUF_BUFG | u_axi_write_ooo/u_write_order_queue/reg_queue_seq[1][15]_i_1_n_0                       | u_axi_write_ooo/u_write_order_queue/has_empty_i_2_n_0                                           |                9 |             28 |         3.11 |
|  ACLK_IBUF_BUFG | u_axi_write_ooo/u_write_aw_scheduler/reg_AWID                                          | u_axi_write_ooo/u_write_aw_scheduler/cache_has_valid_i_1_n_0                                    |                8 |             28 |         3.50 |
|  ACLK_IBUF_BUFG | u_axi_write_ooo/u_write_aw_scheduler/reg_AWID[1][2]_i_1_n_0                            | u_axi_write_ooo/u_write_aw_scheduler/cache_has_valid_i_1_n_0                                    |                9 |             28 |         3.11 |
|  ACLK_IBUF_BUFG | u_axi_write_ooo/u_write_aw_scheduler/reg_AWID[2][2]_i_1_n_0                            | u_axi_write_ooo/u_write_aw_scheduler/cache_has_valid_i_1_n_0                                    |                7 |             28 |         4.00 |
|  ACLK_IBUF_BUFG | u_axi_write_ooo/u_write_aw_scheduler/reg_AWID[3][2]_i_1_n_0                            | u_axi_write_ooo/u_write_aw_scheduler/cache_has_valid_i_1_n_0                                    |               12 |             28 |         2.33 |
|  ACLK_IBUF_BUFG | u_axi_write_ooo/u_write_aw_queue/reg_AWID[3][2]_i_1_n_0                                | u_axi_write_ooo/u_write_aw_queue/cnt[1]_i_2_n_0                                                 |               11 |             28 |         2.55 |
|  ACLK_IBUF_BUFG | u_axi_write_ooo/u_write_aw_queue/reg_AWID[2][2]_i_1_n_0                                | u_axi_write_ooo/u_write_aw_queue/cnt[1]_i_2_n_0                                                 |                8 |             28 |         3.50 |
|  ACLK_IBUF_BUFG | u_axi_write_ooo/u_write_aw_queue/reg_AWID[1][2]_i_1_n_0                                | u_axi_write_ooo/u_write_aw_queue/cnt[1]_i_2_n_0                                                 |                7 |             28 |         4.00 |
|  ACLK_IBUF_BUFG | u_axi_write_ooo/u_write_aw_queue/reg_AWID                                              | u_axi_write_ooo/u_write_aw_queue/cnt[1]_i_2_n_0                                                 |               10 |             28 |         2.80 |
|  ACLK_IBUF_BUFG | u_axi_write_ooo/u_write_order_queue/reg_queue_AWLEN[2][3]_i_1_n_0                      | u_axi_write_ooo/u_write_order_queue/has_empty_i_2_n_0                                           |               12 |             28 |         2.33 |
|  ACLK_IBUF_BUFG | u_axi_write_ooo/u_write_order_queue/reg_queue_AWLEN[3][3]_i_1_n_0                      | u_axi_write_ooo/u_write_order_queue/has_empty_i_2_n_0                                           |               11 |             28 |         2.55 |
|  ACLK_IBUF_BUFG |                                                                                        | u_axi_write_ooo/u_write_order_queue/has_empty_i_2_n_0                                           |               18 |             51 |         2.83 |
+-----------------+----------------------------------------------------------------------------------------+-------------------------------------------------------------------------------------------------+------------------+----------------+--------------+


